[?7h[255D[0;36m‹‹‹‹‹‹‹  [1;37m‹‹‹‹‹   ‹‹‹‹‹[6C‹‹‹ [0;36m‹‹‹‹‹‹‹ [1;37m‹‹‹‹‹‹‹[5C‹‹‹ [0;36m‹‹‹‹‹‹‹ [1;37m‹‹‹‹‹‹‹ ‹‹‹‹‹‹‹
[0;36m€‹‹‹ ‹€ [1;37m€ﬂ‹‹‹ﬂ€ €ﬂ‹‹ ﬂ€   ‹€ﬂ‹€ [0;36m€ ‹‹‹‹€ [1;37m€ ‹ ‹ €   ‹€ﬂ‹€ [0;36m€ ‹‹‹ € [1;37m€ ‹‹‹‹€ € ‹‹‹‹€
[0;36m‹€ﬂ‹€€‹ [1;37m€ﬂ‹‹‹ﬂ€ € ﬂ‹€ € ‹€ﬂ‹€ﬂ  [0;36m€ ‹‹€   [1;37m€ € € € ‹€ﬂ‹€ﬂ  [0;36m€ ‹‹‹‹€ [1;37m€‹‹‹‹ € € €‹‹ €
[0;36m€‹‹‹‹‹€ [1;37mﬂ€‹‹‹€ﬂ ﬂ€‹‹‹€ﬂ €‹€ﬂ    [0;36m€‹€[5C[1;37m€‹€ﬂ€‹€ €‹€ﬂ    [0;36m€‹€[5C[1;37m€‹‹‹‹‹€ €‹‹‹‹‹€

[0m
